[OK] (200) Seven Natural Wonders of America with David Muir | Watch Live News on ABCNL
[OK] (200) Seven Natural Wonders of America with David Muir | Watch Live News on ABCNL
[OK] (200) Seven Natural Wonders of America with David Muir | Watch Live News on ABCNL
[OK] (200) Seven Natural Wonders of America with David Muir | Watch Live News on ABCNL
[OK] (200) Seven Natural Wonders of America with David Muir | Watch Live News on ABCNL
[OK] (200) Seven Natural Wonders of America with David Muir | Watch Live News on ABCNL
[OK] (200) Seven Natural Wonders of America with David Muir | Watch Live News on ABCNL
[OK] (200) Seven Natural Wonders of America with David Muir | Watch Live News on ABCNL
[OK] (200) Seven Natural Wonders of America with David Muir | Watch Live News on ABCNL
[OK] (200) Seven Natural Wonders of America with David Muir | Watch Live News on ABCNL
[OK] (200) Seven Natural Wonders of America with David Muir | Watch Live News on ABCNL
[OK] (200) Seven Natural Wonders of America with David Muir | Watch Live News on ABCNL
[OK] (200) ABC News Live - ABC News
[OK] (200) ABC News Live - ABC News
[OK] (200) ABC News Live - ABC News
[OK] (200) ABC News Live - ABC News
[OK] (200) ABC News Live - ABC News
[OK] (200) ABC News Live - ABC News
[OK] (200) ABC News Live - ABC News
[OK] (200) ABC News Live - ABC News
[OK] (200) ABC News Live - ABC News
[OK] (200) ABC News Live - ABC News
[OK] (200) ABC News Live - ABC News
[OK] (200) ABC News Live - ABC News
[OK] (200) ABC News Live - ABC News
[OK] (200) ABC News Live - ABC News
[OK] (200) Video Flooding threat continues from the Midwest to the Ohio Valley; prolonged dangerous heat in the South; tracking the tropics | Watch Live News on ABCNL
[OK] (200) Video Flooding threat continues from the Midwest to the Ohio Valley; prolonged dangerous heat in the South; tracking the tropics | Watch Live News on ABCNL
[OK] (200) Video Flooding threat continues from the Midwest to the Ohio Valley; prolonged dangerous heat in the South; tracking the tropics | Watch Live News on ABCNL
[OK] (200) Video Flooding threat continues from the Midwest to the Ohio Valley; prolonged dangerous heat in the South; tracking the tropics | Watch Live News on ABCNL
[OK] (200) Video Flooding threat continues from the Midwest to the Ohio Valley; prolonged dangerous heat in the South; tracking the tropics | Watch Live News on ABCNL
[FAIL] (403) Fox Business Go | Fox News Video
[FAIL] (403) Watch Fox News Channel Online | Stream Fox News
[FAIL] (410)  our free live news stream
[FAIL] (410)  our free live news stream
[FAIL] (410)  our free live news stream
[FAIL] (410)  our free live news stream
[FAIL] (410)  our free live news stream
[FAIL] (410)  our free live news stream
[FAIL] (410)  our free live news stream
[FAIL] (410)  our free live news stream
[FAIL] (410)  our free live news stream
[FAIL] (410)  our free live news stream
[FAIL] (410)  our free live news stream
[FAIL] (410)  our free live news stream
[FAIL] (410)  our free live news stream
[FAIL] (410)  our free live news stream
[FAIL] (410)  our free live news stream
[FAIL] (410)  our free live news stream
[FAIL] (410)  our free live news stream
[FAIL] (410)  our free live news stream
[FAIL] (410)  our free live news stream
[FAIL] (410)  our free live news stream
[FAIL] (410)  our free live news stream
